Microchip MPLAB XC8 Compiler V2.35

Linker command line:

-W-3 --edf=/Applications/microchip/xc8/v2.35/pic/dat/en_msgs.txt -cn \
  -h+dist/default/production/Question_14.X.production.sym \
  --cmf=dist/default/production/Question_14.X.production.cmf -z -Q18F4550 \
  -o/tmp/xcVheh5uo --defsym=__MPLAB_BUILD=1 \
  -Mdist/default/production/Question_14.X.production.map \
  --md=/tmp/xcJ6U9IYR.dat -E1 -ver=XC8 Compiler --acfsm=1493 \
  -ACODE=00h-07FFFh -ACONST=00h-07FFFh -ASMALLCONST=0800h-08FFhx120 \
  -AMEDIUMCONST=0800h-07FFFh -ACOMRAM=01h-05Fh -AABS1=00h-07FFh \
  -ABIGRAM=01h-07FFh -ARAM=060h-0FFh,0100h-01FFhx7 -ABANK0=060h-0FFh \
  -ABANK1=0100h-01FFh -ABANK2=0200h-02FFh -ABANK3=0300h-03FFh \
  -ABANK4=0400h-04FFh -ABANK5=0500h-05FFh -ABANK6=0600h-06FFh \
  -ABANK7=0700h-07FFh -ASFR=0F60h-0FFFh -ABIGSFR=0F60h-0FFFh \
  -ACONFIG=0300000h-030000Dh -AIDLOC=0200000h-0200007h \
  -AEEDATA=0F00000h-0F000FFh -peeprom_data=EEDATA \
  -preset_vec=00h,intcode,intcodelo,powerup,init -pramtop=0800h \
  -psmallconst=SMALLCONST -pmediumconst=MEDIUMCONST -pconst=CONST \
  -AFARRAM=00h-00h \
  -prdata=COMRAM,nvrram=COMRAM,nvbit=COMRAM,rbss=COMRAM,rbit=COMRAM \
  -pfarbss=FARRAM,fardata=FARRAM,nvFARRAM=FARRAM \
  -pintsave_regs=BIGRAM,bigbss=BIGRAM,bigdata=BIGRAM -pbss=RAM \
  -pidata=CODE,irdata=CODE,ibigdata=CODE,ifardata=CODE -prparam=COMRAM \
  /tmp/xctaGBTKS.o dist/default/production/Question_14.X.production.o 

Object code version is 3.11

Machine type is 18F4550



                Name                               Link     Load   Length Selector   Space Scale
/tmp/xctaGBTKS.o
                idloc                            200000   200000        8        0       5
                config                           300000   300000        E        0       4
                init                                  0        0        4        0       0
dist/default/production/Question_14.X.production.o
                idloc                            200000   200000        8        0       5
                config                           300000   300000        E        0       4
                smallconst                          800      800       3E      400       0
                text13                             1304     1304       26      41F       0
                text12                              CD4      CD4      188      41F       0
                text11                              E5C      E5C      164      41F       0
                text10                             1268     1268       40      41F       0
                text9                              1344     1344       16      41F       0
                text8                              112C     112C       96      41F       0
                text7                              1224     1224       44      41F       0
                text6                              12A8     12A8       36      41F       0
                text5                               FC0      FC0       C6      41F       0
                text4                               83E      83E      2E2      41F       0
                text3                               B20      B20      1B4      41F       0
                text2                              11C2     11C2       62      41F       0
                text1                              12DE     12DE       26      41F       0
                text0                              1086     1086       A6      41F       0
                cstackCOMRAM                          1        1       5E        1       1
                cstackBANK0                          88       88        4       60       1
                bssBANK0                             60       60       28       60       1
                cinit                              132A     132A       1A      41F       0

TOTAL           Name                               Link     Load   Length     Space
        CLASS   CODE           
                init                                  0        0        4         0
                text13                             1304     1304       26         0
                text12                              CD4      CD4      188         0
                text11                              E5C      E5C      164         0
                text10                             1268     1268       40         0
                text9                              1344     1344       16         0
                text8                              112C     112C       96         0
                text7                              1224     1224       44         0
                text6                              12A8     12A8       36         0
                text5                               FC0      FC0       C6         0
                text4                               83E      83E      2E2         0
                text3                               B20      B20      1B4         0
                text2                              11C2     11C2       62         0
                text1                              12DE     12DE       26         0
                text0                              1086     1086       A6         0
                cinit                              132A     132A       1A         0

        CLASS   CONST          

        CLASS   SMALLCONST     
                smallconst                          800      800       3E         0

        CLASS   MEDIUMCONST    

        CLASS   COMRAM         
                cstackCOMRAM                          1        1       5E         1

        CLASS   ABS1           

        CLASS   BIGRAM         

        CLASS   RAM            

        CLASS   BANK0          
                cstackBANK0                          88       88        4         1
                bssBANK0                             60       60       28         1

        CLASS   BANK1          

        CLASS   BANK2          

        CLASS   BANK3          

        CLASS   BANK4          

        CLASS   BANK5          

        CLASS   BANK6          

        CLASS   BANK7          

        CLASS   SFR            

        CLASS   BIGSFR         

        CLASS   CONFIG         
                config                           300000   300000        E         4

        CLASS   IDLOC          
                idloc                            200000   200000        8         5

        CLASS   EEDATA         

        CLASS   FARRAM         

        CLASS   HEAP           

        CLASS   STACK          



SEGMENTS        Name                           Load    Length   Top    Selector   Space  Class

                bssBANK0                       000060  00002C  00008C        60       1  BANK0   
                text4                          00083E  000B1C  00135A       41F       0  CODE    
                cstackCOMRAM                   000001  00005E  00005F         1       1  COMRAM  
                reset_vec                      000000  000004  000004         0       0  CODE    
                smallconst                     000800  00003E  00083E       400       0  SMALLCON


UNUSED ADDRESS RANGES

        Name                Unused          Largest block    Delta
        BANK0            00008C-0000FF               74
        BANK1            000100-0001FF              100
        BANK2            000200-0002FF              100
        BANK3            000300-0003FF              100
        BANK4            000400-0004FF              100
        BANK5            000500-0005FF              100
        BANK6            000600-0006FF              100
        BANK7            000700-0007FF              100
        BIGRAM           00005F-00005F                1
                         00008C-0007FF              774
        BIGSFR           000F60-000FFF               A0
        CODE             000004-0007FF              7FC
                         00135A-007FFF             6CA6
        COMRAM           00005F-00005F                1
        CONST            000004-0007FF              7FC
                         00135A-007FFF             6CA6
        EEDATA           F00000-F000FF              100
        MEDIUMCONST      00135A-007FFF             6CA6
        RAM              00008C-0007FF              100
        SFR              000F60-000FFF               A0
        SMALLCONST       00135A-007FFF              100

                                  Symbol Table

?___aodiv                cstackCOMRAM 000001
?___aomod                cstackCOMRAM 000001
?___wmul                 cstackCOMRAM 000001
?_abs                    cstackCOMRAM 000013
?_dtoa                   cstackCOMRAM 00001D
?_pad                    cstackCOMRAM 000012
?_printf                 cstackCOMRAM 000059
?_strlen                 cstackCOMRAM 000001
?_vfpfcnvrt              cstackCOMRAM 000041
?_vfprintf               cstackCOMRAM 000051
_PIR1bits                (abs)        000F9E
_RCREG                   (abs)        000FAE
_RCSTA                   (abs)        000FAB
_SPBRG                   (abs)        000FAF
_TRISCbits               (abs)        000F94
_TXREG                   (abs)        000FAD
_TXSTA                   (abs)        000FAC
__HRAM                   (abs)        000000
__Habs1                  abs1         000000
__Hbank0                 bank0        000000
__Hbank1                 bank1        000000
__Hbank2                 bank2        000000
__Hbank3                 bank3        000000
__Hbank4                 bank4        000000
__Hbank5                 bank5        000000
__Hbank6                 bank6        000000
__Hbank7                 bank7        000000
__Hbigbss                bigbss       000000
__Hbigdata               bigdata      000000
__Hbigram                bigram       000000
__Hbigsfr                bigsfr       000000
__Hbss                   bss          000000
__HbssBANK0              bssBANK0     000000
__Hcinit                 cinit        000000
__Hclrtext               clrtext      000000
__Hcomram                comram       000000
__Hconfig                config       30000E
__Hconst                 const        000000
__HcstackBANK0           cstackBANK0  000000
__HcstackCOMRAM          cstackCOMRAM 000000
__Hdata                  data         000000
__Heeprom_data           eeprom_data  000000
__Hfarbss                farbss       000000
__Hfardata               fardata      000000
__Hheap                  heap         000000
__Hibigdata              ibigdata     000000
__Hidata                 idata        000000
__Hidloc                 idloc        200008
__Hifardata              ifardata     000000
__Hinit                  init         000004
__Hintcode               intcode      000000
__Hintcode_body          intcode_body 000000
__Hintcodelo             intcodelo    000000
__Hintentry              intentry     000000
__Hintret                intret       000000
__Hintsave_regs          intsave_regs 000000
__Hirdata                irdata       000000
__Hmediumconst           mediumconst  000000
__HnvFARRAM              nvFARRAM     000000
__Hnvbit                 nvbit        000000
__Hnvrram                nvrram       000000
__Hparam                 rparam       000000
__Hpowerup               powerup      000000
__Hram                   ram          000000
__Hramtop                ramtop       000800
__Hrbit                  rbit         000000
__Hrbss                  rbss         000000
__Hrdata                 rdata        000000
__Hreset_vec             reset_vec    000000
__Hrparam                rparam       000000
__Hsfr                   sfr          000000
__Hsmallconst            smallconst   00083E
__Hspace_0               (abs)        00135A
__Hspace_1               (abs)        00008C
__Hspace_2               (abs)        000000
__Hspace_4               (abs)        60000E
__Hstack                 stack        000000
__Hstruct                struct       000000
__Htemp                  temp         000000
__Htext                  text         000000
__Htext0                 text0        000000
__Htext1                 text1        000000
__Htext10                text10       000000
__Htext11                text11       000000
__Htext12                text12       000000
__Htext13                text13       000000
__Htext2                 text2        000000
__Htext3                 text3        000000
__Htext4                 text4        000000
__Htext5                 text5        000000
__Htext6                 text6        000000
__Htext7                 text7        000000
__Htext8                 text8        000000
__Htext9                 text9        000000
__LRAM                   (abs)        000001
__Labs1                  abs1         000000
__Lbank0                 bank0        000000
__Lbank1                 bank1        000000
__Lbank2                 bank2        000000
__Lbank3                 bank3        000000
__Lbank4                 bank4        000000
__Lbank5                 bank5        000000
__Lbank6                 bank6        000000
__Lbank7                 bank7        000000
__Lbigbss                bigbss       000000
__Lbigdata               bigdata      000000
__Lbigram                bigram       000000
__Lbigsfr                bigsfr       000000
__Lbss                   bss          000000
__LbssBANK0              bssBANK0     000000
__Lcinit                 cinit        000000
__Lclrtext               clrtext      000000
__Lcomram                comram       000000
__Lconfig                config       000000
__Lconst                 const        000000
__LcstackBANK0           cstackBANK0  000000
__LcstackCOMRAM          cstackCOMRAM 000000
__Ldata                  data         000000
__Leeprom_data           eeprom_data  000000
__Lfarbss                farbss       000000
__Lfardata               fardata      000000
__Lheap                  heap         000000
__Libigdata              ibigdata     000000
__Lidata                 idata        000000
__Lidloc                 idloc        000000
__Lifardata              ifardata     000000
__Linit                  init         000000
__Lintcode               intcode      000000
__Lintcode_body          intcode_body 000000
__Lintcodelo             intcodelo    000000
__Lintentry              intentry     000000
__Lintret                intret       000000
__Lintsave_regs          intsave_regs 000000
__Lirdata                irdata       000000
__Lmediumconst           mediumconst  000000
__LnvFARRAM              nvFARRAM     000000
__Lnvbit                 nvbit        000000
__Lnvrram                nvrram       000000
__Lparam                 rparam       000000
__Lpowerup               powerup      000000
__Lram                   ram          000000
__Lramtop                ramtop       000800
__Lrbit                  rbit         000000
__Lrbss                  rbss         000000
__Lrdata                 rdata        000000
__Lreset_vec             reset_vec    000000
__Lrparam                rparam       000000
__Lsfr                   sfr          000000
__Lsmallconst            smallconst   000800
__Lspace_0               (abs)        000000
__Lspace_1               (abs)        000000
__Lspace_2               (abs)        000000
__Lspace_4               (abs)        000000
__Lstack                 stack        000000
__Lstruct                struct       000000
__Ltemp                  temp         000000
__Ltext                  text         000000
__Ltext0                 text0        000000
__Ltext1                 text1        000000
__Ltext10                text10       000000
__Ltext11                text11       000000
__Ltext12                text12       000000
__Ltext13                text13       000000
__Ltext2                 text2        000000
__Ltext3                 text3        000000
__Ltext4                 text4        000000
__Ltext5                 text5        000000
__Ltext6                 text6        000000
__Ltext7                 text7        000000
__Ltext8                 text8        000000
__Ltext9                 text9        000000
__S0                     (abs)        00135A
__S1                     (abs)        00008C
__S4                     (abs)        000000
__S5                     (abs)        000000
___aodiv                 text12       000CD4
___aodiv@counter         cstackCOMRAM 000011
___aodiv@dividend        cstackCOMRAM 000001
___aodiv@divisor         cstackCOMRAM 000009
___aodiv@quotient        cstackCOMRAM 000013
___aodiv@sign            cstackCOMRAM 000012
___aomod                 text11       000E5C
___aomod@counter         cstackCOMRAM 000011
___aomod@dividend        cstackCOMRAM 000001
___aomod@divisor         cstackCOMRAM 000009
___aomod@sign            cstackCOMRAM 000012
___heap_hi               (abs)        000000
___heap_lo               (abs)        000000
___inthi_sp              stack        000000
___intlo_sp              stack        000000
___param_bank            (abs)        000000
___rparam_used           (abs)        000001
___sp                    stack        000000
___wmul                  text13       001304
___wmul@multiplicand     cstackCOMRAM 000003
___wmul@multiplier       cstackCOMRAM 000001
___wmul@product          cstackCOMRAM 000005
__accesstop              (abs)        000060
__activetblptr           (abs)        000001
__end_of___aodiv         text12       000E5C
__end_of___aomod         text11       000FC0
__end_of___wmul          text13       00132A
__end_of__initialization cinit        001336
__end_of_abs             text10       0012A8
__end_of_dtoa            text4        000B20
__end_of_fputc           text8        0011C2
__end_of_fputs           text7        001268
__end_of_main            text0        00112C
__end_of_pad             text5        001086
__end_of_printf          text1        001304
__end_of_putch           text9        00135A
__end_of_strlen          text6        0012DE
__end_of_vfpfcnvrt       text3        000CD4
__end_of_vfprintf        text2        001224
__initialization         cinit        00132A
__mediumconst            mediumconst  000000
__pbssBANK0              bssBANK0     000060
__pcinit                 cinit        00132A
__pcstackBANK0           cstackBANK0  000088
__pcstackCOMRAM          cstackCOMRAM 000001
__psmallconst            smallconst   000800
__ptext0                 text0        001086
__ptext1                 text1        0012DE
__ptext10                text10       001268
__ptext11                text11       000E5C
__ptext12                text12       000CD4
__ptext13                text13       001304
__ptext2                 text2        0011C2
__ptext3                 text3        000B20
__ptext4                 text4        00083E
__ptext5                 text5        000FC0
__ptext6                 text6        0012A8
__ptext7                 text7        001224
__ptext8                 text8        00112C
__ptext9                 text9        001344
__ramtop                 ramtop       000800
__smallconst             smallconst   000800
_abs                     text10       001268
_dbuf                    bssBANK0     000068
_dtoa                    text4        00083E
_dtoa$636                cstackCOMRAM 00002F
_flags                   bssBANK0     000066
_fputc                   text8        00112C
_fputs                   text7        001224
_main                    text0        001086
_nout                    bssBANK0     000060
_pad                     text5        000FC0
_prec                    bssBANK0     000064
_printf                  text1        0012DE
_putch                   text9        001344
_strlen                  text6        0012A8
_vfpfcnvrt               text3        000B20
_vfprintf                text2        0011C2
_width                   bssBANK0     000062
abs@a                    cstackCOMRAM 000013
dtoa@d                   cstackCOMRAM 00001F
dtoa@fp                  cstackCOMRAM 00001D
dtoa@i                   cstackCOMRAM 00003F
dtoa@n                   cstackCOMRAM 000037
dtoa@p                   cstackCOMRAM 000031
dtoa@s                   cstackCOMRAM 000035
dtoa@w                   cstackCOMRAM 000033
end_of_initialization    cinit        001336
fputc@c                  cstackCOMRAM 000002
fputc@fp                 cstackCOMRAM 000004
fputs@c                  cstackCOMRAM 00000F
fputs@fp                 cstackCOMRAM 00000D
fputs@i                  cstackCOMRAM 000010
fputs@s                  cstackCOMRAM 00000B
intlevel0                text         000000
intlevel1                text         000000
intlevel2                text         000000
intlevel3                text         000000
isa$std                  (abs)        000001
isa$xinst                (abs)        000000
main@a                   cstackBANK0  00008A
pad@buf                  cstackCOMRAM 000014
pad@fp                   cstackCOMRAM 000012
pad@i                    cstackCOMRAM 000019
pad@p                    cstackCOMRAM 000016
pad@w                    cstackCOMRAM 00001B
printf@ap                cstackCOMRAM 00005D
printf@fmt               cstackCOMRAM 000059
putch@c                  cstackCOMRAM 000001
stackhi                  (abs)        000000
stacklo                  (abs)        000000
start                    init         000000
start_initialization     cinit        00132A
strlen@a                 cstackCOMRAM 000003
strlen@s                 cstackCOMRAM 000001
vfpfcnvrt@ap             cstackCOMRAM 000045
vfpfcnvrt@fmt            cstackCOMRAM 000043
vfpfcnvrt@fp             cstackCOMRAM 000041
vfpfcnvrt@ll             cstackCOMRAM 000049
vfprintf@ap              cstackCOMRAM 000055
vfprintf@cfmt            cstackCOMRAM 000057
vfprintf@fmt             cstackCOMRAM 000053
vfprintf@fp              cstackCOMRAM 000051


MODULE INFORMATION

Module		Function		Class		Link	Load	Size
/Applications/microchip/xc8/v2.35/pic/sources/c99/common/aodiv.c
		___aodiv       		CODE           	0CD4	0000	392

/Applications/microchip/xc8/v2.35/pic/sources/c99/common/aodiv.c estimated size: 392

/Applications/microchip/xc8/v2.35/pic/sources/c99/common/nf_fputs.c
		_fputs         		CODE           	1224	0000	68

/Applications/microchip/xc8/v2.35/pic/sources/c99/common/nf_fputs.c estimated size: 68

/Applications/microchip/xc8/v2.35/pic/sources/c99/common/abs.c
		_abs           		CODE           	1268	0000	64

/Applications/microchip/xc8/v2.35/pic/sources/c99/common/abs.c estimated size: 64

/Applications/microchip/xc8/v2.35/pic/sources/c99/common/doprnt.c
		_vfpfcnvrt     		CODE           	0B20	0000	436
		_pad           		CODE           	0FC0	0000	198
		_dtoa          		CODE           	083E	0000	738
		_vfprintf      		CODE           	11C2	0000	98

/Applications/microchip/xc8/v2.35/pic/sources/c99/common/doprnt.c estimated size: 1470

/Applications/microchip/xc8/v2.35/pic/sources/c99/common/Umul16.c
		___wmul        		CODE           	1304	0000	38

/Applications/microchip/xc8/v2.35/pic/sources/c99/common/Umul16.c estimated size: 38

kmultiply.c
		_putch         		CODE           	1344	0000	22
		_main          		CODE           	1086	0000	166

kmultiply.c estimated size: 188

/Applications/microchip/xc8/v2.35/pic/sources/c99/common/nf_fputc.c
		_fputc         		CODE           	112C	0000	150

/Applications/microchip/xc8/v2.35/pic/sources/c99/common/nf_fputc.c estimated size: 150

shared
		__initialization		CODE           	132A	0000	12

shared estimated size: 12

/Applications/microchip/xc8/v2.35/pic/sources/c99/common/printf.c
		_printf        		CODE           	12DE	0000	38

/Applications/microchip/xc8/v2.35/pic/sources/c99/common/printf.c estimated size: 38

/Applications/microchip/xc8/v2.35/pic/sources/c99/common/aomod.c
		___aomod       		CODE           	0E5C	0000	356

/Applications/microchip/xc8/v2.35/pic/sources/c99/common/aomod.c estimated size: 356

/Applications/microchip/xc8/v2.35/pic/sources/c99/common/strlen.c
		_strlen        		CODE           	12A8	0000	54

/Applications/microchip/xc8/v2.35/pic/sources/c99/common/strlen.c estimated size: 54

