Microchip MPLAB XC8 Compiler V2.35

Linker command line:

-W-3 --edf=/Applications/microchip/xc8/v2.35/pic/dat/en_msgs.txt -cn \
  -h+dist/default/production/Question_13.X.production.sym \
  --cmf=dist/default/production/Question_13.X.production.cmf -z -Q18F4550 \
  -o/tmp/xcIunBiiS --defsym=__MPLAB_BUILD=1 \
  -Mdist/default/production/Question_13.X.production.map \
  --md=/tmp/xcyrKa1OG.dat -E1 -ver=XC8 Compiler --acfsm=1493 \
  -ACODE=00h-07FFFh -ACONST=00h-07FFFh -ASMALLCONST=0800h-08FFhx120 \
  -AMEDIUMCONST=0800h-07FFFh -ACOMRAM=01h-05Fh -AABS1=00h-07FFh \
  -ABIGRAM=01h-07FFh -ARAM=060h-0FFh,0100h-01FFhx7 -ABANK0=060h-0FFh \
  -ABANK1=0100h-01FFh -ABANK2=0200h-02FFh -ABANK3=0300h-03FFh \
  -ABANK4=0400h-04FFh -ABANK5=0500h-05FFh -ABANK6=0600h-06FFh \
  -ABANK7=0700h-07FFh -ASFR=0F60h-0FFFh -ABIGSFR=0F60h-0FFFh \
  -ACONFIG=0300000h-030000Dh -AIDLOC=0200000h-0200007h \
  -AEEDATA=0F00000h-0F000FFh -peeprom_data=EEDATA \
  -preset_vec=00h,intcode,intcodelo,powerup,init -pramtop=0800h \
  -psmallconst=SMALLCONST -pmediumconst=MEDIUMCONST -pconst=CONST \
  -AFARRAM=00h-00h \
  -prdata=COMRAM,nvrram=COMRAM,nvbit=COMRAM,rbss=COMRAM,rbit=COMRAM \
  -pfarbss=FARRAM,fardata=FARRAM,nvFARRAM=FARRAM \
  -pintsave_regs=BIGRAM,bigbss=BIGRAM,bigdata=BIGRAM -pbss=RAM \
  -pidata=CODE,irdata=CODE,ibigdata=CODE,ifardata=CODE -prparam=COMRAM \
  /tmp/xcP2lUf4K.o dist/default/production/Question_13.X.production.o 

Object code version is 3.11

Machine type is 18F4550



                Name                               Link     Load   Length Selector   Space Scale
/tmp/xcP2lUf4K.o
                idloc                            200000   200000        8        0       5
                config                           300000   300000        E        0       4
                init                                  0        0        4        0       0
dist/default/production/Question_13.X.production.o
                idloc                            200000   200000        8        0       5
                config                           300000   300000        E        0       4
                smallconst                          800      800       16      400       0
                text12                              CAC      CAC      188      40B       0
                text11                              E34      E34      164      40B       0
                text10                             1212     1212       40      40B       0
                text9                              12C8     12C8       16      40B       0
                text8                              105E     105E       96      40B       0
                text7                              11CE     11CE       44      40B       0
                text6                              1252     1252       36      40B       0
                text5                               F98      F98       C6      40B       0
                text4                               816      816      2E2      40B       0
                text3                               AF8      AF8      1B4      40B       0
                text2                              116C     116C       62      40B       0
                text1                              1288     1288       26      40B       0
                text0                              10F4     10F4       78      40B       0
                cstackCOMRAM                          1        1       5E        1       1
                cstackBANK0                          88       88        2       60       1
                bssBANK0                             60       60       28       60       1
                cinit                              12AE     12AE       1A      40B       0

TOTAL           Name                               Link     Load   Length     Space
        CLASS   CODE           
                init                                  0        0        4         0
                text12                              CAC      CAC      188         0
                text11                              E34      E34      164         0
                text10                             1212     1212       40         0
                text9                              12C8     12C8       16         0
                text8                              105E     105E       96         0
                text7                              11CE     11CE       44         0
                text6                              1252     1252       36         0
                text5                               F98      F98       C6         0
                text4                               816      816      2E2         0
                text3                               AF8      AF8      1B4         0
                text2                              116C     116C       62         0
                text1                              1288     1288       26         0
                text0                              10F4     10F4       78         0
                cinit                              12AE     12AE       1A         0

        CLASS   CONST          

        CLASS   SMALLCONST     
                smallconst                          800      800       16         0

        CLASS   MEDIUMCONST    

        CLASS   COMRAM         
                cstackCOMRAM                          1        1       5E         1

        CLASS   ABS1           

        CLASS   BIGRAM         

        CLASS   RAM            

        CLASS   BANK0          
                cstackBANK0                          88       88        2         1
                bssBANK0                             60       60       28         1

        CLASS   BANK1          

        CLASS   BANK2          

        CLASS   BANK3          

        CLASS   BANK4          

        CLASS   BANK5          

        CLASS   BANK6          

        CLASS   BANK7          

        CLASS   SFR            

        CLASS   BIGSFR         

        CLASS   CONFIG         
                config                           300000   300000        E         4

        CLASS   IDLOC          
                idloc                            200000   200000        8         5

        CLASS   EEDATA         

        CLASS   FARRAM         

        CLASS   HEAP           

        CLASS   STACK          



SEGMENTS        Name                           Load    Length   Top    Selector   Space  Class

                bssBANK0                       000060  00002A  00008A        60       1  BANK0   
                text4                          000816  000AC8  0012DE       40B       0  CODE    
                cstackCOMRAM                   000001  00005E  00005F         1       1  COMRAM  
                reset_vec                      000000  000004  000004         0       0  CODE    
                smallconst                     000800  000016  000816       400       0  SMALLCON


UNUSED ADDRESS RANGES

        Name                Unused          Largest block    Delta
        BANK0            00008A-0000FF               76
        BANK1            000100-0001FF              100
        BANK2            000200-0002FF              100
        BANK3            000300-0003FF              100
        BANK4            000400-0004FF              100
        BANK5            000500-0005FF              100
        BANK6            000600-0006FF              100
        BANK7            000700-0007FF              100
        BIGRAM           00005F-00005F                1
                         00008A-0007FF              776
        BIGSFR           000F60-000FFF               A0
        CODE             000004-0007FF              7FC
                         0012DE-007FFF             6D22
        COMRAM           00005F-00005F                1
        CONST            000004-0007FF              7FC
                         0012DE-007FFF             6D22
        EEDATA           F00000-F000FF              100
        MEDIUMCONST      0012DE-007FFF             6D22
        RAM              00008A-0007FF              100
        SFR              000F60-000FFF               A0
        SMALLCONST       0012DE-007FFF              100

                                  Symbol Table

?___aodiv                cstackCOMRAM 000001
?___aomod                cstackCOMRAM 000001
?_abs                    cstackCOMRAM 000013
?_dtoa                   cstackCOMRAM 00001D
?_pad                    cstackCOMRAM 000012
?_printf                 cstackCOMRAM 000059
?_strlen                 cstackCOMRAM 000001
?_vfpfcnvrt              cstackCOMRAM 000041
?_vfprintf               cstackCOMRAM 000051
_PIR1bits                (abs)        000F9E
_RCREG                   (abs)        000FAE
_RCSTA                   (abs)        000FAB
_SPBRG                   (abs)        000FAF
_TRISC                   (abs)        000F94
_TRISCbits               (abs)        000F94
_TXREG                   (abs)        000FAD
_TXSTA                   (abs)        000FAC
__HRAM                   (abs)        000000
__Habs1                  abs1         000000
__Hbank0                 bank0        000000
__Hbank1                 bank1        000000
__Hbank2                 bank2        000000
__Hbank3                 bank3        000000
__Hbank4                 bank4        000000
__Hbank5                 bank5        000000
__Hbank6                 bank6        000000
__Hbank7                 bank7        000000
__Hbigbss                bigbss       000000
__Hbigdata               bigdata      000000
__Hbigram                bigram       000000
__Hbigsfr                bigsfr       000000
__Hbss                   bss          000000
__HbssBANK0              bssBANK0     000000
__Hcinit                 cinit        000000
__Hclrtext               clrtext      000000
__Hcomram                comram       000000
__Hconfig                config       30000E
__Hconst                 const        000000
__HcstackBANK0           cstackBANK0  000000
__HcstackCOMRAM          cstackCOMRAM 000000
__Hdata                  data         000000
__Heeprom_data           eeprom_data  000000
__Hfarbss                farbss       000000
__Hfardata               fardata      000000
__Hheap                  heap         000000
__Hibigdata              ibigdata     000000
__Hidata                 idata        000000
__Hidloc                 idloc        200008
__Hifardata              ifardata     000000
__Hinit                  init         000004
__Hintcode               intcode      000000
__Hintcode_body          intcode_body 000000
__Hintcodelo             intcodelo    000000
__Hintentry              intentry     000000
__Hintret                intret       000000
__Hintsave_regs          intsave_regs 000000
__Hirdata                irdata       000000
__Hmediumconst           mediumconst  000000
__HnvFARRAM              nvFARRAM     000000
__Hnvbit                 nvbit        000000
__Hnvrram                nvrram       000000
__Hparam                 rparam       000000
__Hpowerup               powerup      000000
__Hram                   ram          000000
__Hramtop                ramtop       000800
__Hrbit                  rbit         000000
__Hrbss                  rbss         000000
__Hrdata                 rdata        000000
__Hreset_vec             reset_vec    000000
__Hrparam                rparam       000000
__Hsfr                   sfr          000000
__Hsmallconst            smallconst   000816
__Hspace_0               (abs)        0012DE
__Hspace_1               (abs)        00008A
__Hspace_2               (abs)        000000
__Hspace_4               (abs)        60000E
__Hstack                 stack        000000
__Hstruct                struct       000000
__Htemp                  temp         000000
__Htext                  text         000000
__Htext0                 text0        000000
__Htext1                 text1        000000
__Htext10                text10       000000
__Htext11                text11       000000
__Htext12                text12       000000
__Htext2                 text2        000000
__Htext3                 text3        000000
__Htext4                 text4        000000
__Htext5                 text5        000000
__Htext6                 text6        000000
__Htext7                 text7        000000
__Htext8                 text8        000000
__Htext9                 text9        000000
__LRAM                   (abs)        000001
__Labs1                  abs1         000000
__Lbank0                 bank0        000000
__Lbank1                 bank1        000000
__Lbank2                 bank2        000000
__Lbank3                 bank3        000000
__Lbank4                 bank4        000000
__Lbank5                 bank5        000000
__Lbank6                 bank6        000000
__Lbank7                 bank7        000000
__Lbigbss                bigbss       000000
__Lbigdata               bigdata      000000
__Lbigram                bigram       000000
__Lbigsfr                bigsfr       000000
__Lbss                   bss          000000
__LbssBANK0              bssBANK0     000000
__Lcinit                 cinit        000000
__Lclrtext               clrtext      000000
__Lcomram                comram       000000
__Lconfig                config       000000
__Lconst                 const        000000
__LcstackBANK0           cstackBANK0  000000
__LcstackCOMRAM          cstackCOMRAM 000000
__Ldata                  data         000000
__Leeprom_data           eeprom_data  000000
__Lfarbss                farbss       000000
__Lfardata               fardata      000000
__Lheap                  heap         000000
__Libigdata              ibigdata     000000
__Lidata                 idata        000000
__Lidloc                 idloc        000000
__Lifardata              ifardata     000000
__Linit                  init         000000
__Lintcode               intcode      000000
__Lintcode_body          intcode_body 000000
__Lintcodelo             intcodelo    000000
__Lintentry              intentry     000000
__Lintret                intret       000000
__Lintsave_regs          intsave_regs 000000
__Lirdata                irdata       000000
__Lmediumconst           mediumconst  000000
__LnvFARRAM              nvFARRAM     000000
__Lnvbit                 nvbit        000000
__Lnvrram                nvrram       000000
__Lparam                 rparam       000000
__Lpowerup               powerup      000000
__Lram                   ram          000000
__Lramtop                ramtop       000800
__Lrbit                  rbit         000000
__Lrbss                  rbss         000000
__Lrdata                 rdata        000000
__Lreset_vec             reset_vec    000000
__Lrparam                rparam       000000
__Lsfr                   sfr          000000
__Lsmallconst            smallconst   000800
__Lspace_0               (abs)        000000
__Lspace_1               (abs)        000000
__Lspace_2               (abs)        000000
__Lspace_4               (abs)        000000
__Lstack                 stack        000000
__Lstruct                struct       000000
__Ltemp                  temp         000000
__Ltext                  text         000000
__Ltext0                 text0        000000
__Ltext1                 text1        000000
__Ltext10                text10       000000
__Ltext11                text11       000000
__Ltext12                text12       000000
__Ltext2                 text2        000000
__Ltext3                 text3        000000
__Ltext4                 text4        000000
__Ltext5                 text5        000000
__Ltext6                 text6        000000
__Ltext7                 text7        000000
__Ltext8                 text8        000000
__Ltext9                 text9        000000
__S0                     (abs)        0012DE
__S1                     (abs)        00008A
__S4                     (abs)        000000
__S5                     (abs)        000000
___aodiv                 text12       000CAC
___aodiv@counter         cstackCOMRAM 000011
___aodiv@dividend        cstackCOMRAM 000001
___aodiv@divisor         cstackCOMRAM 000009
___aodiv@quotient        cstackCOMRAM 000013
___aodiv@sign            cstackCOMRAM 000012
___aomod                 text11       000E34
___aomod@counter         cstackCOMRAM 000011
___aomod@dividend        cstackCOMRAM 000001
___aomod@divisor         cstackCOMRAM 000009
___aomod@sign            cstackCOMRAM 000012
___heap_hi               (abs)        000000
___heap_lo               (abs)        000000
___inthi_sp              stack        000000
___intlo_sp              stack        000000
___param_bank            (abs)        000000
___rparam_used           (abs)        000001
___sp                    stack        000000
__accesstop              (abs)        000060
__activetblptr           (abs)        000001
__end_of___aodiv         text12       000E34
__end_of___aomod         text11       000F98
__end_of__initialization cinit        0012BA
__end_of_abs             text10       001252
__end_of_dtoa            text4        000AF8
__end_of_fputc           text8        0010F4
__end_of_fputs           text7        001212
__end_of_main            text0        00116C
__end_of_pad             text5        00105E
__end_of_printf          text1        0012AE
__end_of_putch           text9        0012DE
__end_of_strlen          text6        001288
__end_of_vfpfcnvrt       text3        000CAC
__end_of_vfprintf        text2        0011CE
__initialization         cinit        0012AE
__mediumconst            mediumconst  000000
__pbssBANK0              bssBANK0     000060
__pcinit                 cinit        0012AE
__pcstackBANK0           cstackBANK0  000088
__pcstackCOMRAM          cstackCOMRAM 000001
__psmallconst            smallconst   000800
__ptext0                 text0        0010F4
__ptext1                 text1        001288
__ptext10                text10       001212
__ptext11                text11       000E34
__ptext12                text12       000CAC
__ptext2                 text2        00116C
__ptext3                 text3        000AF8
__ptext4                 text4        000816
__ptext5                 text5        000F98
__ptext6                 text6        001252
__ptext7                 text7        0011CE
__ptext8                 text8        00105E
__ptext9                 text9        0012C8
__ramtop                 ramtop       000800
__smallconst             smallconst   000800
_abs                     text10       001212
_dbuf                    bssBANK0     000068
_dtoa                    text4        000816
_dtoa$635                cstackCOMRAM 00002F
_flags                   bssBANK0     000066
_fputc                   text8        00105E
_fputs                   text7        0011CE
_main                    text0        0010F4
_nout                    bssBANK0     000060
_pad                     text5        000F98
_prec                    bssBANK0     000064
_printf                  text1        001288
_putch                   text9        0012C8
_strlen                  text6        001252
_vfpfcnvrt               text3        000AF8
_vfprintf                text2        00116C
_width                   bssBANK0     000062
abs@a                    cstackCOMRAM 000013
dtoa@d                   cstackCOMRAM 00001F
dtoa@fp                  cstackCOMRAM 00001D
dtoa@i                   cstackCOMRAM 00003F
dtoa@n                   cstackCOMRAM 000037
dtoa@p                   cstackCOMRAM 000031
dtoa@s                   cstackCOMRAM 000035
dtoa@w                   cstackCOMRAM 000033
end_of_initialization    cinit        0012BA
fputc@c                  cstackCOMRAM 000002
fputc@fp                 cstackCOMRAM 000004
fputs@c                  cstackCOMRAM 00000F
fputs@fp                 cstackCOMRAM 00000D
fputs@i                  cstackCOMRAM 000010
fputs@s                  cstackCOMRAM 00000B
intlevel0                text         000000
intlevel1                text         000000
intlevel2                text         000000
intlevel3                text         000000
isa$std                  (abs)        000001
isa$xinst                (abs)        000000
main@a                   cstackBANK0  000088
pad@buf                  cstackCOMRAM 000014
pad@fp                   cstackCOMRAM 000012
pad@i                    cstackCOMRAM 000019
pad@p                    cstackCOMRAM 000016
pad@w                    cstackCOMRAM 00001B
printf@ap                cstackCOMRAM 00005D
printf@fmt               cstackCOMRAM 000059
putch@c                  cstackCOMRAM 000001
stackhi                  (abs)        000000
stacklo                  (abs)        000000
start                    init         000000
start_initialization     cinit        0012AE
strlen@a                 cstackCOMRAM 000003
strlen@s                 cstackCOMRAM 000001
vfpfcnvrt@ap             cstackCOMRAM 000045
vfpfcnvrt@fmt            cstackCOMRAM 000043
vfpfcnvrt@fp             cstackCOMRAM 000041
vfpfcnvrt@ll             cstackCOMRAM 000049
vfprintf@ap              cstackCOMRAM 000055
vfprintf@cfmt            cstackCOMRAM 000057
vfprintf@fmt             cstackCOMRAM 000053
vfprintf@fp              cstackCOMRAM 000051


MODULE INFORMATION

Module		Function		Class		Link	Load	Size
/Applications/microchip/xc8/v2.35/pic/sources/c99/common/aodiv.c
		___aodiv       		CODE           	0CAC	0000	392

/Applications/microchip/xc8/v2.35/pic/sources/c99/common/aodiv.c estimated size: 392

/Applications/microchip/xc8/v2.35/pic/sources/c99/common/nf_fputs.c
		_fputs         		CODE           	11CE	0000	68

/Applications/microchip/xc8/v2.35/pic/sources/c99/common/nf_fputs.c estimated size: 68

/Applications/microchip/xc8/v2.35/pic/sources/c99/common/abs.c
		_abs           		CODE           	1212	0000	64

/Applications/microchip/xc8/v2.35/pic/sources/c99/common/abs.c estimated size: 64

/Applications/microchip/xc8/v2.35/pic/sources/c99/common/doprnt.c
		_vfpfcnvrt     		CODE           	0AF8	0000	436
		_pad           		CODE           	0F98	0000	198
		_dtoa          		CODE           	0816	0000	738
		_vfprintf      		CODE           	116C	0000	98

/Applications/microchip/xc8/v2.35/pic/sources/c99/common/doprnt.c estimated size: 1470

/Applications/microchip/xc8/v2.35/pic/sources/c99/common/nf_fputc.c
		_fputc         		CODE           	105E	0000	150

/Applications/microchip/xc8/v2.35/pic/sources/c99/common/nf_fputc.c estimated size: 150

shared
		__initialization		CODE           	12AE	0000	12

shared estimated size: 12

/Applications/microchip/xc8/v2.35/pic/sources/c99/common/printf.c
		_printf        		CODE           	1288	0000	38

/Applications/microchip/xc8/v2.35/pic/sources/c99/common/printf.c estimated size: 38

/Applications/microchip/xc8/v2.35/pic/sources/c99/common/aomod.c
		___aomod       		CODE           	0E34	0000	356

/Applications/microchip/xc8/v2.35/pic/sources/c99/common/aomod.c estimated size: 356

/Applications/microchip/xc8/v2.35/pic/sources/c99/common/strlen.c
		_strlen        		CODE           	1252	0000	54

/Applications/microchip/xc8/v2.35/pic/sources/c99/common/strlen.c estimated size: 54

Uart_Transmit_PICT.c
		_putch         		CODE           	12C8	0000	22
		_main          		CODE           	10F4	0000	120

Uart_Transmit_PICT.c estimated size: 142

